Di 14. Apr 23:28:32 CEST 2015
build/Debug/bin/test/vtl:
................
Test run complete. 16 tests run, 16 succeeded, 0 failed.
